2026-10-06 22:52:12 | INFO | UniversityService создан
2026-10-06 22:52:12 | INFO | Пользователи загружены из JSON. Количество=1
2026-10-06 22:52:15 | DEBUG | Запрошен список студентов. Количество=0
2026-10-06 22:52:18 | DEBUG | Запрошен список преподавателей. Количество=1
2026-10-06 22:53:59 | DEBUG | Пользователь найден по ID=44
2026-10-06 22:54:01 | INFO | Пользователь удалён: ID=44
2026-10-06 22:54:01 | INFO | Данные сохранены в users.json. Количество пользователей=0
2026-10-06 22:54:01 | DEBUG | Запрошен список преподавателей. Количество=0
2026-10-06 22:54:57 | INFO | UniversityService создан
2026-10-06 22:54:57 | INFO | Пользователи загружены из JSON. Количество=0
2026-10-06 22:54:57 | INFO | GUI приложение запущено
2026-10-06 22:55:21 | WARNING | Некорректный возраст: 2
2026-10-06 22:55:21 | WARNING | Ошибка формы Teacher: Возраст должен быть от 16 до 100
2026-10-06 22:55:27 | DEBUG | Пользователь не найден по ID=2
2026-10-06 22:55:27 | INFO | Пользователь добавлен: ID=2, name=св вс
2026-10-06 22:55:27 | INFO | Данные сохранены в users.json. Количество пользователей=1
2026-10-06 22:55:27 | DEBUG | Запрошен список преподавателей. Количество=1
2026-10-06 22:56:11 | DEBUG | Запрошен список студентов. Количество=0
2026-10-06 22:56:11 | DEBUG | Запрошен список преподавателей. Количество=1
2026-10-06 22:56:12 | DEBUG | Запрошен список преподавателей. Количество=1
2026-10-06 22:56:13 | DEBUG | Запрошен список студентов. Количество=0
2026-10-06 22:56:15 | DEBUG | Запрошен список преподавателей. Количество=1
2026-10-06 22:56:16 | DEBUG | Запрошен список студентов. Количество=0
2026-10-06 23:00:40 | INFO | UniversityService создан
2026-10-06 23:00:40 | INFO | Пользователи загружены из JSON. Количество=1
2026-10-06 23:00:40 | INFO | GUI приложение запущено
2026-10-06 23:00:42 | DEBUG | Запрошен список студентов. Количество=0
2026-10-06 23:00:42 | DEBUG | Запрошен список преподавателей. Количество=1
2026-10-06 23:00:45 | DEBUG | Запрошен список преподавателей. Количество=1
2026-10-06 23:00:45 | DEBUG | Запрошен список студентов. Количество=0
2026-10-06 23:00:47 | DEBUG | Запрошен список студентов. Количество=0
2026-10-06 23:02:11 | DEBUG | Запрошен список преподавателей. Количество=1
2026-10-06 23:02:12 | DEBUG | Запрошен список студентов. Количество=0
2026-10-06 23:05:34 | INFO | UniversityService создан
2026-10-06 23:05:34 | INFO | Пользователи загружены из JSON. Количество=1
2026-10-06 23:05:34 | INFO | GUI приложение запущено
2026-10-06 23:05:37 | DEBUG | Запрошен список студентов. Количество=0
2026-10-06 23:05:39 | DEBUG | Запрошен список преподавателей. Количество=1
2026-10-06 23:05:40 | DEBUG | Запрошен список студентов. Количество=0
2026-10-06 23:05:43 | DEBUG | Запрошен список преподавателей. Количество=1
2026-10-06 23:05:44 | DEBUG | Запрошен список студентов. Количество=0
2026-10-06 23:05:44 | DEBUG | Запрошен список преподавателей. Количество=1
2026-10-06 23:08:59 | INFO | UniversityService создан
2026-10-06 23:08:59 | INFO | Пользователи загружены из JSON. Количество=1
2026-10-06 23:08:59 | INFO | GUI приложение запущено
2026-10-06 23:10:36 | DEBUG | Запрошен список студентов. Количество=0
2026-10-06 23:10:36 | DEBUG | Запрошен список преподавателей. Количество=1
2026-10-06 23:10:37 | DEBUG | Запрошен список преподавателей. Количество=1
2026-10-06 23:10:38 | DEBUG | Запрошен список студентов. Количество=0
2026-10-06 23:10:45 | INFO | Поиск пользователей: query='оиро', найдено=0
2026-10-06 23:10:51 | INFO | Поиск пользователей: query='11', найдено=0
2026-10-06 23:10:54 | INFO | Поиск пользователей: query='22', найдено=0
2026-10-06 23:10:56 | DEBUG | Запрошен список студентов. Количество=0
2026-10-06 23:10:57 | DEBUG | Запрошен список преподавателей. Количество=1
2026-10-06 23:11:01 | INFO | Поиск пользователей: query='2', найдено=0
2026-10-06 23:12:57 | INFO | UniversityService создан
2026-10-06 23:12:57 | INFO | Пользователи загружены из JSON. Количество=1
2026-10-06 23:12:57 | INFO | GUI приложение запущено
2026-10-06 23:13:15 | INFO | Поиск пользователей: query='2', найдено=0
2026-10-09 16:57:26 | INFO | GUI приложение закрыто
2026-10-09 19:45:48 | INFO | UniversityService создан
2026-10-09 19:45:48 | INFO | Пользователи загружены из JSON. Количество=1
2026-10-09 19:45:48 | INFO | CLI приложение запущено
2026-10-09 20:05:42 | INFO | UniversityService создан
2026-10-09 20:05:42 | INFO | Пользователи загружены из JSON. Количество=20
2026-10-09 20:05:46 | DEBUG | Запрошен список студентов. Количество=10
2026-10-09 20:05:47 | DEBUG | Запрошен список студентов. Количество=10
2026-10-09 20:05:49 | DEBUG | Запрошен список студентов. Количество=10
2026-10-09 20:07:06 | DEBUG | Запрошен список студентов. Количество=10
2026-10-09 20:07:57 | DEBUG | Запрошен список преподавателей. Количество=10
2026-10-09 20:08:12 | DEBUG | Запрошен список преподавателей. Количество=10
2026-10-09 20:08:14 | DEBUG | Запрошен список преподавателей. Количество=10
2026-10-09 20:08:24 | DEBUG | Запрошен список преподавателей. Количество=10
2026-10-09 20:08:56 | DEBUG | Запрошен список студентов. Количество=10
2026-10-09 20:09:00 | DEBUG | Запрошен список преподавателей. Количество=10
2026-10-09 20:09:26 | DEBUG | Запрошен список студентов. Количество=10
2026-10-09 20:10:04 | DEBUG | Запрошен список студентов. Количество=10
2026-10-09 20:10:10 | DEBUG | Запрошен список студентов. Количество=10
2026-10-09 20:11:39 | DEBUG | Запрошен список преподавателей. Количество=10
2026-10-09 20:11:42 | DEBUG | Запрошен список преподавателей. Количество=10
2026-10-09 20:11:55 | DEBUG | Запрошен список преподавателей. Количество=10
2026-10-09 20:14:18 | DEBUG | Запрошен список студентов. Количество=10
2026-10-09 20:14:53 | DEBUG | Запрошен список преподавателей. Количество=10
2026-10-09 20:16:18 | DEBUG | Запрошен список студентов. Количество=10
2026-10-09 20:16:21 | DEBUG | Запрошен список студентов. Количество=10
2026-10-09 20:17:12 | DEBUG | Запрошен список студентов. Количество=10
2026-10-09 20:17:27 | DEBUG | Запрошен список студентов. Количество=10
2026-10-09 20:17:50 | DEBUG | Запрошен список студентов. Количество=10
2026-10-09 20:18:47 | INFO | UniversityService создан
2026-10-09 20:18:47 | INFO | Пользователи загружены из JSON. Количество=20
2026-10-09 20:18:47 | DEBUG | Запрошен список студентов. Количество=10
2026-10-09 20:18:53 | DEBUG | Запрошен список студентов. Количество=10
2026-10-09 20:18:53 | DEBUG | Запрошен список преподавателей. Количество=10
2026-10-09 20:19:23 | DEBUG | Запрошен список студентов. Количество=10
2026-10-09 20:19:23 | DEBUG | Запрошен список преподавателей. Количество=10
2026-10-09 20:19:24 | DEBUG | Запрошен список студентов. Количество=10
2026-10-09 20:19:24 | DEBUG | Запрошен список преподавателей. Количество=10
2026-10-09 20:19:42 | DEBUG | Запрошен список студентов. Количество=10
2026-10-09 20:19:42 | DEBUG | Запрошен список преподавателей. Количество=10
2026-10-09 20:20:08 | DEBUG | Запрошен список студентов. Количество=10
2026-10-09 20:20:08 | DEBUG | Запрошен список преподавателей. Количество=10
2026-10-09 20:21:10 | INFO | UniversityService создан
2026-10-09 20:21:10 | INFO | Пользователи загружены из JSON. Количество=20
2026-10-09 20:21:11 | DEBUG | Запрошен список студентов. Количество=10
2026-10-09 20:21:11 | DEBUG | Запрошен список преподавателей. Количество=10
2026-10-09 20:21:14 | INFO | UniversityService создан
2026-10-09 20:21:14 | INFO | Пользователи загружены из JSON. Количество=20
2026-10-09 20:21:14 | INFO | UniversityService создан
2026-10-09 20:21:14 | INFO | Пользователи загружены из JSON. Количество=20
2026-10-09 20:21:16 | DEBUG | Запрошен список студентов. Количество=10
2026-10-09 20:21:16 | DEBUG | Запрошен список преподавателей. Количество=10
2026-10-09 20:22:07 | DEBUG | Запрошен список студентов. Количество=10
2026-10-09 20:22:07 | DEBUG | Запрошен список преподавателей. Количество=10
2026-10-09 20:22:10 | DEBUG | Запрошен список студентов. Количество=10
2026-10-09 20:23:07 | DEBUG | Запрошен список студентов. Количество=10
2026-10-09 20:25:01 | DEBUG | Запрошен список студентов. Количество=10
2026-10-09 20:25:44 | DEBUG | Пользователь не найден по ID=1322
2026-10-09 20:25:44 | INFO | Пользователь добавлен: ID=1322, name=Акрам Музаффаров
2026-10-09 20:25:44 | INFO | Данные сохранены в users.json. Количество пользователей=21
2026-10-09 20:25:44 | DEBUG | Запрошен список студентов. Количество=11
2026-10-09 20:25:51 | DEBUG | Запрошен список студентов. Количество=11
2026-10-09 20:25:51 | DEBUG | Запрошен список преподавателей. Количество=10
2026-10-09 20:26:54 | INFO | UniversityService создан
2026-10-09 20:26:54 | INFO | Пользователи загружены из JSON. Количество=21
2026-10-09 20:27:10 | INFO | UniversityService создан
2026-10-09 20:27:10 | INFO | Пользователи загружены из JSON. Количество=21
2026-10-09 20:27:30 | DEBUG | Запрошен список преподавателей. Количество=10
2026-10-09 20:27:52 | DEBUG | Запрошен список преподавателей. Количество=10
2026-10-09 20:28:34 | INFO | UniversityService создан
2026-10-09 20:28:34 | INFO | Пользователи загружены из JSON. Количество=21
2026-10-09 20:28:48 | INFO | UniversityService создан
2026-10-09 20:28:48 | INFO | Пользователи загружены из JSON. Количество=21
2026-10-09 20:29:21 | DEBUG | Запрошен список преподавателей. Количество=10
2026-10-09 20:29:25 | INFO | Пользователь удалён: ID=2001
2026-10-09 20:29:25 | INFO | Данные сохранены в users.json. Количество пользователей=20
2026-10-09 20:29:25 | DEBUG | Запрошен список преподавателей. Количество=9
2026-10-09 20:29:31 | DEBUG | Запрошен список студентов. Количество=11
2026-10-09 20:29:31 | DEBUG | Запрошен список преподавателей. Количество=9
2026-10-09 20:29:35 | DEBUG | Запрошен список студентов. Количество=11
2026-10-09 20:29:37 | INFO | Пользователь удалён: ID=1001
2026-10-09 20:29:37 | INFO | Данные сохранены в users.json. Количество пользователей=19
2026-10-09 20:29:37 | DEBUG | Запрошен список студентов. Количество=10
2026-10-09 20:29:38 | DEBUG | Запрошен список студентов. Количество=10
2026-10-09 20:29:38 | DEBUG | Запрошен список преподавателей. Количество=9
2026-10-09 20:29:53 | DEBUG | Запрошен список студентов. Количество=10
2026-10-09 20:30:44 | INFO | UniversityService создан
2026-10-09 20:30:44 | INFO | Пользователи загружены из JSON. Количество=19
2026-10-09 20:31:12 | DEBUG | Запрошен список студентов. Количество=10
2026-10-09 20:32:07 | DEBUG | Запрошен список студентов. Количество=10
2026-10-09 20:32:10 | DEBUG | Пользователь найден по ID=1002
2026-10-09 20:32:12 | DEBUG | Пользователь найден по ID=1002
2026-10-09 20:32:12 | DEBUG | Пользователь найден по ID=1002
2026-10-09 20:32:12 | INFO | Данные пользователя обновлены: ID=1002
2026-10-09 20:32:12 | INFO | Данные сохранены в users.json. Количество пользователей=19
2026-10-09 20:32:12 | DEBUG | Запрошен список студентов. Количество=10
2026-10-09 20:32:30 | DEBUG | Запрошен список студентов. Количество=10
2026-10-09 20:32:31 | DEBUG | Запрошен список студентов. Количество=10
2026-10-09 20:32:33 | DEBUG | Запрошен список преподавателей. Количество=9
2026-10-09 20:32:50 | INFO | UniversityService создан
2026-10-09 20:32:50 | INFO | Пользователи загружены из JSON. Количество=19
2026-10-09 20:33:11 | DEBUG | Запрошен список преподавателей. Количество=9
2026-10-09 20:33:12 | DEBUG | Запрошен список преподавателей. Количество=9
2026-10-09 20:33:38 | DEBUG | Запрошен список преподавателей. Количество=9
2026-10-09 20:33:40 | DEBUG | Пользователь найден по ID=2002
2026-10-09 20:34:56 | INFO | UniversityService создан
2026-10-09 20:34:56 | INFO | Пользователи загружены из JSON. Количество=19
2026-10-09 20:35:18 | INFO | UniversityService создан
2026-10-09 20:35:18 | INFO | Пользователи загружены из JSON. Количество=19
2026-10-09 20:35:32 | DEBUG | Запрошен список студентов. Количество=10
2026-10-09 20:35:34 | DEBUG | Запрошен список студентов. Количество=10
2026-10-09 20:35:38 | INFO | Поиск пользователей: query='65', найдено=0
2026-10-09 20:36:08 | INFO | Поиск пользователей: query='65', найдено=0
